Drill report for kc2_left.kicad_pcb
Created on 2026-09-06T21:24:23

Copper Layer Stackup:
    =============================================================
    L1 :  F.Cu                      front
    L2 :  B.Cu                      back


Drill file 'kc2_left.drl' contains
    plated through holes:
    =============================================================
    T1  0.300mm  0.0118"  (27 holes))
    T2  0.800mm  0.0315"  (3 holes))
    T3  0.900mm  0.0354"  (2 holes))
    T4  0.950mm  0.0374"  (24 holes))
    T5  1.600mm  0.0630"  (62 holes))

    Total plated holes count 118


Not plated through holes are merged with plated holes
    unplated through holes:
    =============================================================
    T6  1.600mm  0.0630"  (8 holes))
    T7  1.650mm  0.0650"  (31 holes))
    T8  2.200mm  0.0866"  (1 hole)  (with 1 slot)
    T9  2.600mm  0.1024"  (62 holes))
    T10  3.000mm  0.1181"  (62 holes))
    T11  5.000mm  0.1969"  (31 holes))

    Total unplated holes count 195
